INFO - observatoire.processors.e2e - Downloading files from 6400 sections...
INFO - observatoire.processors.e2e - Section 1/6400 (section_0001): 'Informations annexes au site // 
      Ressources ' (1 files)
INFO - observatoire.processors.e2e -   Downloading file 1/1: 20210204-pj-05-reglement-interieur-modifie.pdf
INFO - observatoire.processors.e2e - Section 2/6400 (section_0259): '2026, 2026-02' (1 files)
INFO - observatoire.processors.e2e -   Downloading file 1/1: 2026-002_recours-pc-44-av-marne-refere-mandat.pdf
INFO - observatoire.processors.e2e - Section 3/6400 (section_0260): '2026, 2026-03' (1 files)
INFO - observatoire.processors.e2e -   Downloading file 1/1: 2026-003_dde-subv.-mgp-vehicule-electrique.pdf
INFO - observatoire.processors.e2e - Section 4/6400 (section_0261): '2026, 2026-04' (1 files)
INFO - observatoire.processors.e2e -   Downloading file 1/1: 2026-004_requete-trancart-honoraires.pdf
INFO - observatoire.processors.e2e - Section 5/6400 (section_0262): '2026, 2026-05' (1 files)
INFO - observatoire.processors.e2e -   Downloading file 1/1: 2026-005_signification-honoraires.pdf
INFO - observatoire.processors.e2e - Section 6/6400 (section_0263): '2026, 2026-06' (1 files)
INFO - observatoire.processors.e2e -   Downloading file 1/1: 2026-006_tournage-film-pathe-series.pdf
INFO - observatoire.processors.e2e - Section 7/6400 (section_0264): '2026, 2026-07' (1 files)
INFO - observatoire.processors.e2e -   Downloading file 1/1: 2026-007_contrat-maintce-municipol.pdf
INFO - observatoire.processors.e2e - Section 8/6400 (section_0265): '2026, 2026-08' (1 files)
INFO - observatoire.processors.e2e -   Downloading file 1/1: 2026-008_nedap-teleassistance-rfid.pdf
INFO - observatoire.processors.e2e - Section 9/6400 (section_0266): '2026, 2026-09' (1 files)
INFO - observatoire.processors.e2e -   Downloading file 1/1: 2026-009_conv.-ecole-osteobio-cross.pdf
INFO - observatoire.processors.e2e - Section 10/6400 (section_0267): '2026, 2026-10' (1 files)
INFO - observatoire.processors.e2e -   Downloading file 1/1: 2026-010_coupons-enfants-jeunes-st-stanislas.pdf
INFO - observatoire.processors.e2e - Section 11/6400 (section_0268): '2026, 2026-11' (1 files)
INFO - observatoire.processors.e2e -   Downloading file 1/1: 2026-011_sejours-montagnard-precisions.pdf
INFO - observatoire.processors.e2e - Section 12/6400 (section_0269): '2026, 2026-12' (1 files)
INFO - observatoire.processors.e2e -   Downloading file 1/1: 2026-012_sejours-europe-precisions.pdf
INFO - observatoire.processors.e2e - Section 13/6400 (section_0270): '2026, 2026-13' (1 files)
INFO - observatoire.processors.e2e -   Downloading file 1/1: 2026-013_la-compagnie-les-crayons-scolarite.pdf
INFO - observatoire.processors.e2e - Section 14/6400 (section_0271): '2026, 2026-14' (1 files)
INFO - observatoire.processors.e2e -   Downloading file 1/1: 2026-014_les-fetes-surprises-cross-2026.pdf
INFO - observatoire.processors.e2e - Section 15/6400 (section_0272): '2026, 2026-15' (1 files)
INFO - observatoire.processors.e2e -   Downloading file 1/1: 2026-015_av01-construc.-multi-accueil-lot-1.pdf
INFO - observatoire.processors.e2e - Section 16/6400 (section_0273): '2026, 2026-16' (1 files)
INFO - observatoire.processors.e2e -   Downloading file 1/1: 2026-016_av01-courts-tennis-lot-1.pdf
INFO - observatoire.processors.e2e - Section 17/6400 (section_0274): '2026, 2026-17' (1 files)
INFO - observatoire.processors.e2e -   Downloading file 1/1: 2026-017_av01-courts-tennis-lot-4.pdf
INFO - observatoire.processors.e2e - Section 18/6400 (section_0276): '2025, 2025-01' (1 files)
INFO - observatoire.processors.e2e -   Downloading file 1/1: 2025-001_acceptation-dun-don-ville-de-levallois.pdf
INFO - observatoire.processors.e2e - Section 19/6400 (section_0277): '2025, 2025-02' (1 files)
INFO - observatoire.processors.e2e -   Downloading file 1/1: 2025-002_contrat-association-doh-atu.pdf
INFO - observatoire.processors.e2e - Section 20/6400 (section_0278): '2025, 2025-03' (1 files)
INFO - observatoire.processors.e2e -   Downloading file 1/1: 2025-003_contrat-association-espaces.pdf
INFO - observatoire.processors.e2e - Section 21/6400 (section_0279): '2025, 2025-04' (1 files)
INFO - observatoire.processors.e2e -   Downloading file 1/1: 2025-004_requete-copropri.-virginia-mandat.pdf
INFO - observatoire.processors.e2e - Section 22/6400 (section_0281): '2025, 2025-06' (1 files)
INFO - observatoire.processors.e2e -   Downloading file 1/1: 2025-06_tarifs-ouvrage-sceaux-dans-le-temps.pdf
INFO - observatoire.processors.e2e - Section 23/6400 (section_0282): '2025, 2025-07' (1 files)
INFO - observatoire.processors.e2e -   Downloading file 1/1: 2025-07_requete-boutoille-mandat.pdf
INFO - observatoire.processors.e2e - Section 24/6400 (section_0283): '2025, 2025-08' (1 files)
INFO - observatoire.processors.e2e -   Downloading file 1/1: 2025-08_requete-annul.-pc-mal-joffre-mandat.pdf
INFO - observatoire.processors.e2e - Section 25/6400 (section_0286): '2025, 2025-11' (1 files)
INFO - observatoire.processors.e2e -   Downloading file 1/1: 2025-11_requete-regul.-vente-immob-mandat-2.pdf
INFO - observatoire.processors.e2e - Section 26/6400 (section_0288): '2025, 2025-13' (1 files)
INFO - observatoire.processors.e2e -   Downloading file 1/1: 2025-13_ehpad-conv.-temporaire.pdf
INFO - observatoire.processors.e2e - Section 27/6400 (section_0289): '2025, 2025-14' (1 files)
INFO - observatoire.processors.e2e -   Downloading file 1/1: 2025-14_accompagnement-scolarite.pdf
INFO - observatoire.processors.e2e - Section 28/6400 (section_0290): '2025, 2025-15' (1 files)
INFO - observatoire.processors.e2e -   Downloading file 1/1: 2025-15_accord-cadre-concession-funeraire.pdf
INFO - observatoire.processors.e2e - Section 29/6400 (section_0291): '2025, 2025-16' (1 files)
INFO - observatoire.processors.e2e -   Downloading file 1/1: 2025-016_mtce-logiciel-grh.pdf
INFO - observatoire.processors.e2e - Section 30/6400 (section_0292): '2025, 2025-17' (1 files)
INFO - observatoire.processors.e2e -   Downloading file 1/1: 2025-017_accord-cadre-mtce-ascenseurs-ville.pdf
INFO - observatoire.processors.e2e - Section 31/6400 (section_0293): '2025, 2025-18' (1 files)
INFO - observatoire.processors.e2e -   Downloading file 1/1: 2025-018_contrat-institut-curie-spect.-bibliotheque.pdf
INFO - observatoire.processors.e2e - Section 32/6400 (section_0294): '2025, 2025-19' (1 files)
INFO - observatoire.processors.e2e -   Downloading file 1/1: 2025-019_occupation-precaire-studio-av.-jules-guesde.pdf
INFO - observatoire.processors.e2e - Section 33/6400 (section_0295): '2025, 2025-20' (1 files)
INFO - observatoire.processors.e2e -   Downloading file 1/1: 2025-020_tarif-cinema-les-amis-du-cinema-trianon.pdf
INFO - observatoire.processors.e2e - Section 34/6400 (section_0296): '2025, 2025-21' (1 files)
INFO - observatoire.processors.e2e -   Downloading file 1/1: 2025-021_technivap-buees-grasses.pdf
INFO - observatoire.processors.e2e - Section 35/6400 (section_0297): '2025, 2025-22' (1 files)
INFO - observatoire.processors.e2e -   Downloading file 1/1: 2025-022_technivap-reseau-ventilation.pdf
INFO - observatoire.processors.e2e - Section 36/6400 (section_0298): '2025, 2025-23' (1 files)
INFO - observatoire.processors.e2e -   Downloading file 1/1: 2025-023_partenariat-mjc-de-sceaux.pdf
INFO - observatoire.processors.e2e - Section 37/6400 (section_0299): '2025, 2025-24' (1 files)
INFO - observatoire.processors.e2e -   Downloading file 1/1: 2025-024_pret-expo-de-photographies.pdf
INFO - observatoire.processors.e2e - Section 38/6400 (section_0300): '2025, 2025-25' (1 files)
INFO - observatoire.processors.e2e -   Downloading file 1/1: 2025-025_conv.-caf-fonds-modernisation-petite-enfance.pdf
INFO - observatoire.processors.e2e - Section 39/6400 (section_0301): '2025, 2025-26' (1 files)
INFO - observatoire.processors.e2e -   Downloading file 1/1: 2025-026_ehpad-renaudin-dispo-local.pdf
INFO - observatoire.processors.e2e - Section 40/6400 (section_0302): '2025, 2025-27' (1 files)
INFO - observatoire.processors.e2e -   Downloading file 1/1: 2025-027_requete-copro-residence-virginia-hono.pdf
INFO - observatoire.processors.e2e - Section 41/6400 (section_0303): '2025, 2025-28' (1 files)
INFO - observatoire.processors.e2e -   Downloading file 1/1: 2025-028_conventin-don-atelier-20.12.pdf
INFO - observatoire.processors.e2e - Section 42/6400 (section_0304): '2025, 2025-29' (1 files)
INFO - observatoire.processors.e2e -   Downloading file 1/1: 2025-029_contrat-la-machine-a-bois.pdf
INFO - observatoire.processors.e2e - Section 43/6400 (section_0305): '2025, 2025-30' (1 files)
INFO - observatoire.processors.e2e -   Downloading file 1/1: 2025-030_mission-seineo-vente-appart.-lot-5.pdf
INFO - observatoire.processors.e2e - Section 44/6400 (section_0306): '2025, 2025-31' (1 files)
INFO - observatoire.processors.e2e -   Downloading file 1/1: 2025-031_mission-seineo-vente-appart.-lot-6.pdf
INFO - observatoire.processors.e2e - Section 45/6400 (section_0307): '2025, 2025-32' (1 files)
INFO - observatoire.processors.e2e -   Downloading file 1/1: 2025-032_conv.-sous-location-associac.-lile-aux-ressources.pdf
INFO - observatoire.processors.e2e - Section 46/6400 (section_0308): '2025, 2025-33' (1 files)
INFO - observatoire.processors.e2e -   Downloading file 1/1: 2025-033_halle-musculation-av.-lot1.pdf
INFO - observatoire.processors.e2e - Section 47/6400 (section_0309): '2025, 2025-34' (1 files)
INFO - observatoire.processors.e2e -   Downloading file 1/1: 2025-034_halle-musculation-av-lot7.pdf
INFO - observatoire.processors.e2e - Section 48/6400 (section_0310): '2025, 2025-35' (1 files)
INFO - observatoire.processors.e2e -   Downloading file 1/1: 2025-035_halle-musculation-av.-lot6.pdf
INFO - observatoire.processors.e2e - Section 49/6400 (section_0311): '2025, 2025-36' (1 files)
INFO - observatoire.processors.e2e -   Downloading file 1/1: 2025-036_halle-musculation-av.-lot8.pdf
[truncated]
