INFO - observatoire.processors.pdf_filter - Validating large PDF (112 pages): Sceaux/section_4358/proces-verbal-cm-11-decembre-2025-approuve.pdf
INFO - observatoire.processors.pdf_filter - Validating large PDF (112 pages): Sceaux/section_4376/proces-verbal-cm-11-decembre-2025-approuve.pdf
INFO - observatoire.processors.pdf_filter - Validating large PDF (57 pages): Sceaux/section_4394/proces-verbal-250925-approuve.pdf
INFO - observatoire.processors.pdf_filter - Validating large PDF (57 pages): Sceaux/section_4413/proces-verbal-250925-approuve.pdf
INFO - observatoire.processors.pdf_filter - Validating large PDF (102 pages): Sceaux/section_4432/proces-verbal-approuve-seance-26-juin-2025.pdf
INFO - observatoire.processors.pdf_filter - Validating large PDF (57 pages): Sceaux/section_4433/proces-verbal-250925-approuve.pdf
INFO - observatoire.processors.pdf_filter - Validating large PDF (102 pages): Sceaux/section_4448/proces-verbal-approuve-seance-26-juin-2025.pdf
INFO - observatoire.processors.pdf_filter - Validating large PDF (57 pages): Sceaux/section_4449/proces-verbal-250925-approuve.pdf
INFO - observatoire.processors.pdf_filter - Validating large PDF (75 pages): Sceaux/section_4464/proces-verbal-seance-cm-22-mai-approuve.pdf
INFO - observatoire.processors.pdf_filter - Validating large PDF (102 pages): Sceaux/section_4465/proces-verbal-approuve-seance-26-juin-2025.pdf
INFO - observatoire.processors.pdf_filter - Validating large PDF (75 pages): Sceaux/section_4493/proces-verbal-seance-cm-22-mai-approuve.pdf
INFO - observatoire.processors.pdf_filter - Validating large PDF (102 pages): Sceaux/section_4494/proces-verbal-approuve-seance-26-juin-2025.pdf
INFO - observatoire.processors.pdf_filter - Validating large PDF (85 pages): Sceaux/section_4522/proces-verbal-seance-27-mars-2025-approuve.pdf
INFO - observatoire.processors.pdf_filter - Validating large PDF (75 pages): Sceaux/section_4523/proces-verbal-seance-cm-22-mai-approuve.pdf
INFO - observatoire.processors.pdf_filter - Validating large PDF (85 pages): Sceaux/section_4535/proces-verbal-seance-27-mars-2025-approuve.pdf
INFO - observatoire.processors.pdf_filter - Validating large PDF (75 pages): Sceaux/section_4536/proces-verbal-seance-cm-22-mai-approuve.pdf
INFO - observatoire.processors.pdf_filter - Validating large PDF (78 pages): Sceaux/section_4548/proces-verbal-seance-6-fevrier-2025-approuve.pdf
INFO - observatoire.processors.pdf_filter - Validating large PDF (85 pages): Sceaux/section_4549/proces-verbal-seance-27-mars-2025-approuve.pdf
INFO - observatoire.processors.pdf_filter - Validating large PDF (78 pages): Sceaux/section_4562/proces-verbal-seance-6-fevrier-2025-approuve.pdf
INFO - observatoire.processors.pdf_filter - Validating large PDF (85 pages): Sceaux/section_4563/proces-verbal-seance-27-mars-2025-approuve.pdf
INFO - observatoire.processors.pdf_filter - Validating large PDF (82 pages): Sceaux/section_4576/proces-verbal-seance-10-decembre-approuve.pdf
INFO - observatoire.processors.pdf_filter - Validating large PDF (78 pages): Sceaux/section_4577/proces-verbal-seance-6-fevrier-2025-approuve.pdf
INFO - observatoire.processors.pdf_filter - Validating large PDF (82 pages): Sceaux/section_4588/proces-verbal-seance-10-decembre-approuve.pdf
INFO - observatoire.processors.pdf_filter - Validating large PDF (78 pages): Sceaux/section_4589/proces-verbal-seance-6-fevrier-2025-approuve.pdf
INFO - observatoire.processors.pdf_filter - Validating large PDF (83 pages): Sceaux/section_4600/proces-verbal-25-septembre-2024-approuve.pdf
INFO - observatoire.processors.pdf_filter - Validating large PDF (82 pages): Sceaux/section_4601/proces-verbal-seance-10-decembre-approuve.pdf
INFO - observatoire.processors.pdf_filter - Validating large PDF (83 pages): Sceaux/section_4621/proces-verbal-25-septembre-2024-approuve.pdf
INFO - observatoire.processors.pdf_filter - Validating large PDF (82 pages): Sceaux/section_4622/proces-verbal-seance-10-decembre-approuve.pdf
INFO - observatoire.processors.pdf_filter - Validating large PDF (82 pages): Sceaux/section_4642/proces-verbal-seance-27-juin-2024-approuve.pdf
INFO - observatoire.processors.pdf_filter - Validating large PDF (83 pages): Sceaux/section_4643/proces-verbal-25-septembre-2024-approuve.pdf
INFO - observatoire.processors.pdf_filter - Validating large PDF (82 pages): Sceaux/section_4665/proces-verbal-seance-27-juin-2024-approuve.pdf
INFO - observatoire.processors.pdf_filter - Validating large PDF (83 pages): Sceaux/section_4666/proces-verbal-25-septembre-2024-approuve.pdf
INFO - observatoire.processors.pdf_filter - Validating large PDF (82 pages): Sceaux/section_4689/proces-verbal-seance-27-juin-2024-approuve_0.pdf
INFO - observatoire.processors.pdf_filter - Validating large PDF (82 pages): Sceaux/section_4708/proces-verbal-seance-27-juin-2024-approuve_0.pdf
INFO - observatoire.processors.pdf_filter - Validating large PDF (111 pages): Sceaux/section_4726/proces-verbal-seance-28-mars-2024-approuve.pdf
INFO - observatoire.processors.pdf_filter - Validating large PDF (111 pages): Sceaux/section_4742/proces-verbal-seance-28-mars-2024-approuve.pdf
INFO - observatoire.processors.pdf_filter - Validating large PDF (84 pages): Sceaux/section_4758/proces-verbal-approuve-seance-8-fevrier-2024.pdf
INFO - observatoire.processors.pdf_filter - Validating large PDF (111 pages): Sceaux/section_4759/proces-verbal-seance-28-mars-2024-approuve.pdf
INFO - observatoire.processors.pdf_filter - Validating large PDF (84 pages): Sceaux/section_4776/proces-verbal-approuve-seance-8-fevrier-2024.pdf
INFO - observatoire.processors.pdf_filter - Validating large PDF (111 pages): Sceaux/section_4777/proces-verbal-seance-28-mars-2024-approuve.pdf
INFO - observatoire.processors.pdf_filter - Validating large PDF (93 pages): Sceaux/section_4794/pv-seance-8-decembre-2023.pdf
INFO - observatoire.processors.pdf_filter - Validating large PDF (84 pages): Sceaux/section_4795/proces-verbal-approuve-seance-8-fevrier-2024.pdf
INFO - observatoire.processors.pdf_filter - Validating large PDF (93 pages): Sceaux/section_4808/pv-seance-8-decembre-2023.pdf
INFO - observatoire.processors.pdf_filter - Validating large PDF (84 pages): Sceaux/section_4809/proces-verbal-approuve-seance-8-fevrier-2024.pdf
INFO - observatoire.processors.pdf_filter - Validating large PDF (94 pages): Sceaux/section_4822/proces-verbal-27-septembre-approuve.pdf
INFO - observatoire.processors.pdf_filter - Validating large PDF (93 pages): Sceaux/section_4823/pv-seance-8-decembre-2023.pdf
INFO - observatoire.processors.pdf_filter - Validating large PDF (94 pages): Sceaux/section_4848/proces-verbal-27-septembre-approuve.pdf
INFO - observatoire.processors.pdf_filter - Validating large PDF (93 pages): Sceaux/section_4849/pv-seance-8-decembre-2023.pdf
INFO - observatoire.processors.pdf_filter - Validating large PDF (94 pages): Sceaux/section_4875/proces-verbal-27-septembre-approuve.pdf
INFO - observatoire.processors.pdf_filter - Validating large PDF (94 pages): Sceaux/section_4896/proces-verbal-27-septembre-approuve.pdf
INFO - observatoire.processors.pdf_filter - Validating large PDF (75 pages): Sceaux/section_4916/proces-verbal-25-mai-2023-approuve_0.pdf
INFO - observatoire.processors.pdf_filter - Validating large PDF (85 pages): Sceaux/section_4917/proces-verbal-seance-du-22-juin-2023_0.pdf
INFO - observatoire.processors.pdf_filter - Validating large PDF (75 pages): Sceaux/section_4939/proces-verbal-25-mai-2023-approuve_0.pdf
INFO - observatoire.processors.pdf_filter - Validating large PDF (85 pages): Sceaux/section_4940/proces-verbal-seance-du-22-juin-2023_0.pdf
INFO - observatoire.processors.pdf_filter - Validating large PDF (111 pages): Sceaux/section_4962/proces-verbal-approuve-cm-23-mars-2023_0.pdf
INFO - observatoire.processors.pdf_filter - Validating large PDF (75 pages): Sceaux/section_4963/proces-verbal-25-mai-2023-approuve_0.pdf
INFO - observatoire.processors.pdf_filter - Validating large PDF (111 pages): Sceaux/section_4973/proces-verbal-approuve-cm-23-mars-2023_0.pdf
INFO - observatoire.processors.pdf_filter - Validating large PDF (75 pages): Sceaux/section_4974/proces-verbal-25-mai-2023-approuve_0.pdf
INFO - observatoire.processors.pdf_filter - Validating large PDF (117 pages): Sceaux/section_4984/proces-verbal-seance-du-9-fevrier-2023_0.pdf
INFO - observatoire.processors.pdf_filter - Validating large PDF (111 pages): Sceaux/section_4985/proces-verbal-approuve-cm-23-mars-2023_0.pdf
INFO - observatoire.processors.pdf_filter - Validating large PDF (117 pages): Sceaux/section_5009/proces-verbal-seance-du-9-fevrier-2023_0.pdf
INFO - observatoire.processors.pdf_filter - Validating large PDF (111 pages): Sceaux/section_5010/proces-verbal-approuve-cm-23-mars-2023_0.pdf
INFO - observatoire.processors.pdf_filter - Validating large PDF (106 pages): Sceaux/section_5034/proces-verbal-approuve-seance-15-12-22_0.pdf
INFO - observatoire.processors.pdf_filter - Validating large PDF (117 pages): Sceaux/section_5035/proces-verbal-seance-du-9-fevrier-2023_0.pdf
INFO - observatoire.processors.pdf_filter - Validating large PDF (106 pages): Sceaux/section_5050/proces-verbal-approuve-seance-15-12-22_0.pdf
INFO - observatoire.processors.pdf_filter - Validating large PDF (117 pages): Sceaux/section_5051/proces-verbal-seance-du-9-fevrier-2023_0.pdf
INFO - observatoire.processors.pdf_filter - Validating large PDF (91 pages): Sceaux/section_5066/proces-verbal-seance-11-octobre-approuve_0.pdf
INFO - observatoire.processors.pdf_filter - Validating large PDF (106 pages): Sceaux/section_5067/proces-verbal-approuve-seance-15-12-22_0.pdf
INFO - observatoire.processors.pdf_filter - Validating large PDF (91 pages): Sceaux/section_5091/proces-verbal-seance-11-octobre-approuve_0.pdf
INFO - observatoire.processors.pdf_filter - Validating large PDF (106 pages): Sceaux/section_5092/proces-verbal-approuve-seance-15-12-22_0.pdf
INFO - observatoire.processors.pdf_filter - Validating large PDF (93 pages): Sceaux/section_5116/proces-verbal-approuve-cm-23-juin-2022_0.pdf
INFO - observatoire.processors.pdf_filter - Validating large PDF (91 pages): Sceaux/section_5117/proces-verbal-seance-11-octobre-approuve_0.pdf
INFO - observatoire.processors.pdf_filter - Validating large PDF (93 pages): Sceaux/section_5132/proces-verbal-approuve-cm-23-juin-2022_0.pdf
INFO - observatoire.processors.pdf_filter - Validating large PDF (91 pages): Sceaux/section_5133/proces-verbal-seance-11-octobre-approuve_0.pdf
INFO - observatoire.processors.pdf_filter - Validating large PDF (59 pages): Sceaux/section_5148/proces-verbal-seance-du-19-mai-2022-approuve_0.pdf
INFO - observatoire.processors.pdf_filter - Validating large PDF (93 pages): Sceaux/section_5149/proces-verbal-approuve-cm-23-juin-2022_0.pdf
INFO - observatoire.processors.pdf_filter - Validating large PDF (59 pages): Sceaux/section_5171/proces-verbal-seance-du-19-mai-2022-approuve_0.pdf
INFO - observatoire.processors.pdf_filter - Validating large PDF (93 pages): Sceaux/section_5172/proces-verbal-approuve-cm-23-juin-2022_0.pdf
INFO - observatoire.processors.pdf_filter - Validating large PDF (89 pages): Sceaux/section_5194/pv-seance-24-mars-2022-approuve_0.pdf
INFO - observatoire.processors.pdf_filter - Validating large PDF (59 pages): Sceaux/section_5195/proces-verbal-seance-du-19-mai-2022-approuve_0.pdf
INFO - observatoire.processors.pdf_filter - Validating large PDF (89 pages): Sceaux/section_5210/pv-seance-24-mars-2022-approuve_0.pdf
INFO - observatoire.processors.pdf_filter - Validating large PDF (59 pages): Sceaux/section_5211/proces-verbal-seance-du-19-mai-2022-approuve_0.pdf
INFO - observatoire.processors.pdf_filter - Validating large PDF (91 pages): Sceaux/section_5226/proces-verbal-3-fevrier-2022_0.pdf
INFO - observatoire.processors.pdf_filter - Validating large PDF (89 pages): Sceaux/section_5227/pv-seance-24-mars-2022-approuve_0.pdf
INFO - observatoire.processors.pdf_filter - Validating large PDF (91 pages): Sceaux/section_5245/proces-verbal-3-fevrier-2022_0.pdf
INFO - observatoire.processors.pdf_filter - Validating large PDF (89 pages): Sceaux/section_5246/pv-seance-24-mars-2022-approuve_0.pdf
INFO - observatoire.processors.pdf_filter - Validating large PDF (106 pages): Sceaux/section_5264/proces-verbal-cm-16-decembre-2021-approuve_0.pdf
INFO - observatoire.processors.pdf_filter - Validating large PDF (91 pages): Sceaux/section_5265/proces-verbal-3-fevrier-2022_0.pdf
INFO - observatoire.processors.pdf_filter - Validating large PDF (106 pages): Sceaux/section_5277/proces-verbal-cm-16-decembre-2021-approuve_0.pdf
INFO - observatoire.processors.pdf_filter - Validating large PDF (91 pages): Sceaux/section_5278/proces-verbal-3-fevrier-2022_0.pdf
INFO - observatoire.processors.pdf_filter - Validating large PDF (87 pages): Sceaux/section_5290/proces-verbal-seance-25-novembre-2021.pdf
INFO - observatoire.processors.pdf_filter - Validating large PDF (106 pages): Sceaux/section_5291/proces-verbal-cm-16-decembre-2021-approuve_0.pdf
INFO - observatoire.processors.pdf_filter - Validating large PDF (87 pages): Sceaux/section_5309/proces-verbal-seance-25-novembre-2021.pdf
INFO - observatoire.processors.pdf_filter - Validating large PDF (106 pages): Sceaux/section_5310/proces-verbal-cm-16-decembre-2021-approuve_0.pdf
INFO - observatoire.processors.pdf_filter - Validating large PDF (96 pages): Sceaux/section_5328/proces-verbal-seance-du-6-octobre-2021.pdf
INFO - observatoire.processors.pdf_filter - Validating large PDF (67 pages): Sceaux/section_5329/proces-verbal-seance-du-16-octobre-2021.pdf
INFO - observatoire.processors.pdf_filter - Validating large PDF (87 pages): Sceaux/section_5330/proces-verbal-seance-25-novembre-2021.pdf
INFO - observatoire.processors.pdf_filter - Validating large PDF (96 pages): Sceaux/section_5348/proces-verbal-seance-du-6-octobre-2021.pdf
INFO - observatoire.processors.pdf_filter - Validating large PDF (67 pages): Sceaux/section_5349/proces-verbal-seance-du-16-octobre-2021.pdf
INFO - observatoire.processors.pdf_filter - Validating large PDF (87 pages): Sceaux/section_5350/proces-verbal-seance-25-novembre-2021.pdf
INFO - observatoire.processors.pdf_filter - Validating large PDF (67 pages): Sceaux/section_5368/proces-verbal-seance-du-16-octobre-2021.pdf
INFO - observatoire.processors.pdf_filter - Validating large PDF (67 pages): Sceaux/section_5373/proces-verbal-seance-du-16-octobre-2021.pdf
INFO - observatoire.processors.pdf_filter - Validating large PDF (97 pages): Sceaux/section_5378/proces-verbal-seance-24-juin-2021_0.pdf
INFO - observatoire.processors.pdf_filter - Validating large PDF (96 pages): Sceaux/section_5379/proces-verbal-seance-du-6-octobre-2021.pdf
INFO - observatoire.processors.pdf_filter - Validating large PDF (97 pages): Sceaux/section_5397/proces-verbal-seance-24-juin-2021_0.pdf
INFO - observatoire.processors.pdf_filter - Validating large PDF (96 pages): Sceaux/section_5398/proces-verbal-seance-du-6-octobre-2021.pdf
INFO - observatoire.processors.pdf_filter - Validating large PDF (106 pages): Sceaux/section_5416/proces-verbal-seance-20-mai-2021.pdf
INFO - observatoire.processors.pdf_filter - Validating large PDF (97 pages): Sceaux/section_5417/proces-verbal-seance-24-juin-2021_0.pdf
INFO - observatoire.processors.pdf_filter - Validating large PDF (106 pages): Sceaux/section_5436/proces-verbal-seance-20-mai-2021.pdf
INFO - observatoire.processors.pdf_filter - Validating large PDF (97 pages): Sceaux/section_5437/proces-verbal-seance-24-juin-2021_0.pdf
INFO - observatoire.processors.pdf_filter - Validating large PDF (104 pages): Sceaux/section_5456/proces-verbal-cm-25-mars-2021-adopte.pdf
INFO - observatoire.processors.pdf_filter - Validating large PDF (106 pages): Sceaux/section_5457/proces-verbal-seance-20-mai-2021.pdf
INFO - observatoire.processors.pdf_filter - Validating large PDF (104 pages): Sceaux/section_5470/proces-verbal-cm-25-mars-2021-adopte.pdf
INFO - observatoire.processors.pdf_filter - Validating large PDF (106 pages): Sceaux/section_5471/proces-verbal-seance-20-mai-2021.pdf
INFO - observatoire.processors.pdf_filter - Validating large PDF (130 pages): Sceaux/section_5484/proces-verbal-approuve040221.pdf
INFO - observatoire.processors.pdf_filter - Validating large PDF (104 pages): Sceaux/section_5485/proces-verbal-cm-25-mars-2021-adopte.pdf
INFO - observatoire.processors.pdf_filter - Validating large PDF (130 pages): Sceaux/section_5507/proces-verbal-approuve040221.pdf
INFO - observatoire.processors.pdf_filter - Validating large PDF (104 pages): Sceaux/section_5508/proces-verbal-cm-25-mars-2021-adopte.pdf
INFO - observatoire.processors.pdf_filter - Validating large PDF (190 pages): Sceaux/section_5530/proces-verbal-cm-171220.pdf
INFO - observatoire.processors.pdf_filter - Validating large PDF (130 pages): Sceaux/section_5531/proces-verbal-approuve040221.pdf
INFO - observatoire.processors.pdf_filter - Validating large PDF (190 pages): Sceaux/section_5551/proces-verbal-cm-171220.pdf
INFO - observatoire.processors.pdf_filter - Validating large PDF (130 pages): Sceaux/section_5552/proces-verbal-approuve040221.pdf
INFO - observatoire.processors.pdf_filter - Validating large PDF (190 pages): Sceaux/section_5572/proces-verbal-cm-171220.pdf
INFO - observatoire.processors.pdf_filter - Validating large PDF (190 pages): Sceaux/section_5611/proces-verbal-cm-171220.pdf
INFO - observatoire.processors.pdf_filter - Validating large PDF (107 pages): Sceaux/section_5650/proces-verbal-cm-8-octobre-2020.pdf
INFO - observatoire.processors.pdf_filter - Validating large PDF (107 pages): Sceaux/section_5673/proces-verbal-cm-8-octobre-2020.pdf
INFO - observatoire.processors.pdf_filter - Validating large PDF (88 pages): Sceaux/section_5696/2020_06_11_sceaux_conseil_municipal_approuv%C3%A9.pdf
INFO - observatoire.processors.pdf_filter - Validating large PDF (77 pages): Sceaux/section_5697/Proc%C3%A8s-verbal%209%20juillet%202020.pdf
INFO - observatoire.processors.pdf_filter - Validating large PDF (88 pages): Sceaux/section_5730/2020_06_11_sceaux_conseil_municipal_approuv%C3%A9.pdf
INFO - observatoire.processors.pdf_filter - Validating large PDF (77 pages): Sceaux/section_5731/Proc%C3%A8s-verbal%209%20juillet%202020.pdf
INFO - observatoire.processors.pdf_filter - Validating large PDF (51 pages): Sceaux/section_5768/Proc%C3%A8s-verbal%20s%C3%A9ance%205%20mars%202020.pdf
INFO - observatoire.processors.pdf_filter - Validating large PDF (88 pages): Sceaux/section_5769/2020_06_11_sceaux_conseil_municipal_approuv%C3%A9.pdf
INFO - observatoire.processors.pdf_filter - Validating large PDF (51 pages): Sceaux/section_5789/Proc%C3%A8s-verbal%20s%C3%A9ance%205%20mars%202020.pdf
INFO - observatoire.processors.pdf_filter - Validating large PDF (88 pages): Sceaux/section_5790/2020_06_11_sceaux_conseil_municipal_approuv%C3%A9.pdf
INFO - observatoire.processors.pdf_filter - Validating large PDF (51 pages): Sceaux/section_5812/Proc%C3%A8s-verbal%20s%C3%A9ance%205%20mars%202020.pdf
INFO - observatoire.processors.pdf_filter - Validating large PDF (51 pages): Sceaux/section_5825/Proc%C3%A8s-verbal%20s%C3%A9ance%205%20mars%202020.pdf
INFO - observatoire.processors.pdf_filter - Validating large PDF (73 pages): Sceaux/section_5836/Proc%C3%A8s-verbal%20300120.pdf
INFO - observatoire.processors.pdf_filter - Validating large PDF (73 pages): Sceaux/section_5847/Proc%C3%A8s-verbal%20300120.pdf
INFO - observatoire.processors.pdf_filter - Validating large PDF (87 pages): Sceaux/section_5858/Proc%C3%A8s-verbal%20191219.pdf
INFO - observatoire.processors.pdf_filter - Validating large PDF (87 pages): Sceaux/section_5877/Proc%C3%A8s-verbal%20191219.pdf
INFO - observatoire.processors.pdf_filter - Validating large PDF (71 pages): Sceaux/section_5896/Proc%C3%A8s-verbal%20CM%2027%20nov.%202019.pdf
INFO - observatoire.processors.pdf_filter - Validating large PDF (71 pages): Sceaux/section_5905/Proc%C3%A8s-verbal%20CM%2027%20nov.%202019.pdf
INFO - observatoire.processors.pdf_filter - Validating large PDF (82 pages): Sceaux/section_5942/Proc%C3%A8s-verbal%20270619.pdf
INFO - observatoire.processors.pdf_filter - Validating large PDF (82 pages): Sceaux/section_5960/Proc%C3%A8s-verbal%20270619.pdf
INFO - observatoire.processors.pdf_filter - Validating large PDF (53 pages): Sceaux/section_5978/Proc%C3%A8s-verbal%2023%20mai%202019.pdf
INFO - observatoire.processors.pdf_filter - Validating large PDF (53 pages): Sceaux/section_5992/Proc%C3%A8s-verbal%2023%20mai%202019.pdf
INFO - observatoire.processors.pdf_filter - Validating large PDF (82 pages): Sceaux/section_6006/Proc%C3%A8s-verbal%20CM%2028%20mars%202019.pdf
INFO - observatoire.processors.pdf_filter - Validating large PDF (82 pages): Sceaux/section_6026/Proc%C3%A8s-verbal%20CM%2028%20mars%202019.pdf
INFO - observatoire.processors.pdf_filter - Validating large PDF (53 pages): Sceaux/section_6046/Proc%C3%A8s-verbal%20s%C3%A9ance%2014%20f%C3%A9vrier%202019.pdf
INFO - observatoire.processors.pdf_filter - Validating large PDF (53 pages): Sceaux/section_6057/Proc%C3%A8s-verbal%20s%C3%A9ance%2014%20f%C3%A9vrier%202019.pdf
INFO - observatoire.processors.pdf_filter - Validating large PDF (71 pages): Sceaux/section_6068/Proc%C3%A8s-verbal%20CM%20201219.pdf
INFO - observatoire.processors.pdf_filter - Validating large PDF (71 pages): Sceaux/section_6085/Proc%C3%A8s-verbal%20CM%20201219.pdf
INFO - observatoire.processors.pdf_filter - Validating large PDF (54 pages): Sceaux/section_6168/Proc%C3%A8s-verbal%20160518.pdf
INFO - observatoire.processors.pdf_filter - Validating large PDF (54 pages): Sceaux/section_6182/Proc%C3%A8s-verbal%20160518.pdf
INFO - observatoire.processors.pdf_filter - Validating large PDF (78 pages): Sceaux/section_6200/Proc%C3%A8s-verbal%20290318.pdf
INFO - observatoire.processors.pdf_filter - Validating large PDF (78 pages): Sceaux/section_6224/Proc%C3%A8s-verbal%20290318.pdf
INFO - observatoire.processors.pdf_filter - Validating large PDF (67 pages): Sceaux/section_6248/proces-verbal_cm_150218.pdf
INFO - observatoire.processors.pdf_filter - Validating large PDF (67 pages): Sceaux/section_6261/proces-verbal_cm_150218.pdf
INFO - observatoire.processors.pdf_filter - Validating large PDF (54 pages): Sceaux/section_6274/proces-verbal_14_decembre_2017_0.pdf
INFO - observatoire.processors.pdf_filter - Validating large PDF (54 pages): Sceaux/section_6296/proces-verbal_14_decembre_2017_0.pdf
INFO - observatoire.processors.pdf_filter - Validating large PDF (57 pages): Sceaux/section_6318/2017-10-05-PV-proces-verbal_051017.pdf
INFO - observatoire.processors.pdf_filter - Validating large PDF (57 pages): Sceaux/section_6333/2017-10-05-PV-proces-verbal_051017.pdf
INFO - observatoire.processors.pdf_filter - Validating large PDF (64 pages): Sceaux/section_6398/2017-03-29-PV-proces-verbal_cm_290317.pdf
INFO - observatoire.processors.pdf_filter - Validating large PDF (64 pages): Sceaux/section_6409/2017-03-29-PV-proces-verbal_cm_290317.pdf
INFO - observatoire.processors.pdf_filter - Validating large PDF (78 pages): Sceaux/section_6436/2016-12-15-proces-verbal_seance_151216.pdf
INFO - observatoire.processors.pdf_filter - Validating large PDF (78 pages): Sceaux/section_6461/2016-12-15-proces-verbal_seance_151216.pdf
INFO - observatoire.processors.pdf_filter - Validating large PDF (52 pages): Sceaux/section_6496/2016-09-29-PV-proces-verbal_29_septembre_2016.pdf
INFO - observatoire.processors.pdf_filter - Validating large PDF (52 pages): Sceaux/section_6511/2016-09-29-PV-proces-verbal_29_septembre_2016.pdf
INFO - observatoire.processors.pdf_filter - Validating large PDF (53 pages): Sceaux/section_6526/2016-06-30-PV-proces-verbal_300616.pdf
INFO - observatoire.processors.pdf_filter - Validating large PDF (53 pages): Sceaux/section_6541/2016-06-30-PV-proces-verbal_300616.pdf
INFO - observatoire.processors.pdf_filter - Validating large PDF (85 pages): Sceaux/section_6584/2016-03-31-PV-proces-verbal_310316.pdf
INFO - observatoire.processors.pdf_filter - Validating large PDF (85 pages): Sceaux/section_6603/2016-03-31-PV-proces-verbal_310316.pdf
INFO - observatoire.processors.pdf_filter - Validating large PDF (50 pages): Sceaux/section_6622/2016-02-11-PV-proces-verbal_seance_11_fevrier_2016.pdf
INFO - observatoire.processors.pdf_filter - Validating large PDF (50 pages): Sceaux/section_6634/2016-02-11-PV-proces-verbal_seance_11_fevrier_2016.pdf
INFO - observatoire.processors.pdf_filter - Validating large PDF (80 pages): Sceaux/section_6646/2015-12-17-PV-proces-verbal_17_decembre_2015.pdf
INFO - observatoire.processors.pdf_filter - Validating large PDF (80 pages): Sceaux/section_6676/2015-12-17-PV-proces-verbal_17_decembre_2015.pdf
INFO - observatoire.processors.pdf_filter - Validating large PDF (84 pages): Sceaux/section_6706/2015-09-30-PV-proces-verbal_30_septembre_2015.pdf
INFO - observatoire.processors.pdf_filter - Validating large PDF (84 pages): Sceaux/section_6736/2015-09-30-PV-proces-verbal_30_septembre_2015.pdf
INFO - observatoire.processors.pdf_filter - Validating large PDF (67 pages): Sceaux/section_6766/2015-06-24-PV-proces-verbal_240615.pdf
INFO - observatoire.processors.pdf_filter - Validating large PDF (67 pages): Sceaux/section_6779/2015-06-24-PV-proces-verbal_240615.pdf
WARNING - pypdf._reader - Ignoring wrong pointing object 16 0 (offset 0)
WARNING - pypdf._reader - Ignoring wrong pointing object 29 0 (offset 0)
WARNING - pypdf._reader - Ignoring wrong pointing object 165 0 (offset 0)
INFO - observatoire.processors.pdf_filter - Validating large PDF (62 pages): Sceaux/section_6792/2015-05-21-PV-proces-verbal_21-05-2015.pdf
WARNING - pypdf._reader - Ignoring wrong pointing object 16 0 (offset 0)
WARNING - pypdf._reader - Ignoring wrong pointing object 29 0 (offset 0)
WARNING - pypdf._reader - Ignoring wrong pointing object 165 0 (offset 0)
WARNING - pypdf._reader - Ignoring wrong pointing object 16 0 (offset 0)
WARNING - pypdf._reader - Ignoring wrong pointing object 29 0 (offset 0)
WARNING - pypdf._reader - Ignoring wrong pointing object 165 0 (offset 0)
INFO - observatoire.processors.pdf_filter - Validating large PDF (62 pages): Sceaux/section_6806/2015-05-21-PV-proces-verbal_21-05-2015.pdf
WARNING - pypdf._reader - Ignoring wrong pointing object 16 0 (offset 0)
WARNING - pypdf._reader - Ignoring wrong pointing object 29 0 (offset 0)
WARNING - pypdf._reader - Ignoring wrong pointing object 165 0 (offset 0)
WARNING - pypdf._reader - Ignoring wrong pointing object 16 0 (offset 0)
WARNING - pypdf._reader - Ignoring wrong pointing object 18 0 (offset 0)
WARNING - pypdf._reader - Ignoring wrong pointing object 34 0 (offset 0)
INFO - observatoire.processors.pdf_filter - Validating large PDF (81 pages): Sceaux/section_6820/2015-03-26-PV-proces-verbal_26_mars_2015.pdf
WARNING - pypdf._reader - Ignoring wrong pointing object 16 0 (offset 0)
WARNING - pypdf._reader - Ignoring wrong pointing object 18 0 (offset 0)
WARNING - pypdf._reader - Ignoring wrong pointing object 34 0 (offset 0)
WARNING - pypdf._reader - Ignoring wrong pointing object 16 0 (offset 0)
WARNING - pypdf._reader - Ignoring wrong pointing object 18 0 (offset 0)
WARNING - pypdf._reader - Ignoring wrong pointing object 34 0 (offset 0)
INFO - observatoire.processors.pdf_filter - Validating large PDF (81 pages): Sceaux/section_6842/2015-03-26-PV-proces-verbal_26_mars_2015.pdf
WARNING - pypdf._reader - Ignoring wrong pointing object 16 0 (offset 0)
WARNING - pypdf._reader - Ignoring wrong pointing object 18 0 (offset 0)
WARNING - pypdf._reader - Ignoring wrong pointing object 34 0 (offset 0)
INFO - observatoire.processors.pdf_filter - Validating large PDF (78 pages): Sceaux/section_6864/2015-02-12-PV-proces-verbal_12_fevrier_2015.pdf
INFO - observatoire.processors.pdf_filter - Validating large PDF (78 pages): Sceaux/section_6879/2015-02-12-PV-proces-verbal_12_fevrier_2015.pdf
WARNING - pypdf._reader - Ignoring wrong pointing object 8 0 (offset 0)
WARNING - pypdf._reader - Ignoring wrong pointing object 32 0 (offset 0)
WARNING - pypdf._reader - Ignoring wrong pointing object 94 0 (offset 0)
INFO - observatoire.processors.pdf_filter - Validating large PDF (78 pages): Sceaux/section_6894/2014-12-18-PV-proces-verbal_18_decembre_2014.pdf
WARNING - pypdf._reader - Ignoring wrong pointing object 8 0 (offset 0)
WARNING - pypdf._reader - Ignoring wrong pointing object 32 0 (offset 0)
WARNING - pypdf._reader - Ignoring wrong pointing object 94 0 (offset 0)
WARNING - pypdf._reader - Ignoring wrong pointing object 8 0 (offset 0)
WARNING - pypdf._reader - Ignoring wrong pointing object 32 0 (offset 0)
WARNING - pypdf._reader - Ignoring wrong pointing object 94 0 (offset 0)
INFO - observatoire.processors.pdf_filter - Validating large PDF (78 pages): Sceaux/section_6920/2014-12-18-PV-proces-verbal_18_decembre_2014.pdf
WARNING - pypdf._reader - Ignoring wrong pointing object 8 0 (offset 0)
WARNING - pypdf._reader - Ignoring wrong pointing object 32 0 (offset 0)
WARNING - pypdf._reader - Ignoring wrong pointing object 94 0 (offset 0)
WARNING - pypdf._reader - Ignoring wrong pointing object 8 0 (offset 0)
WARNING - pypdf._reader - Ignoring wrong pointing object 18 0 (offset 0)
WARNING - pypdf._reader - Ignoring wrong pointing object 29 0 (offset 0)
WARNING - pypdf._reader - Ignoring wrong pointing object 31 0 (offset 0)
WARNING - pypdf._reader - Ignoring wrong pointing object 102 0 (offset 0)
INFO - observatoire.processors.pdf_filter - Validating large PDF (54 pages): Sceaux/section_6946/2014-09-30-PV-pv_30-09-2014.pdf
WARNING - pypdf._reader - Ignoring wrong pointing object 8 0 (offset 0)
WARNING - pypdf._reader - Ignoring wrong pointing object 18 0 (offset 0)
WARNING - pypdf._reader - Ignoring wrong pointing object 29 0 (offset 0)
WARNING - pypdf._reader - Ignoring wrong pointing object 31 0 (offset 0)
WARNING - pypdf._reader - Ignoring wrong pointing object 102 0 (offset 0)
WARNING - pypdf._reader - Ignoring wrong pointing object 8 0 (offset 0)
WARNING - pypdf._reader - Ignoring wrong pointing object 18 0 (offset 0)
WARNING - pypdf._reader - Ignoring wrong pointing object 29 0 (offset 0)
WARNING - pypdf._reader - Ignoring wrong pointing object 31 0 (offset 0)
WARNING - pypdf._reader - Ignoring wrong pointing object 102 0 (offset 0)
INFO - observatoire.processors.pdf_filter - Validating large PDF (54 pages): Sceaux/section_6963/2014-09-30-PV-pv_30-09-2014.pdf
WARNING - pypdf._reader - Ignoring wrong pointing object 8 0 (offset 0)
WARNING - pypdf._reader - Ignoring wrong pointing object 18 0 (offset 0)
WARNING - pypdf._reader - Ignoring wrong pointing object 29 0 (offset 0)
WARNING - pypdf._reader - Ignoring wrong pointing object 31 0 (offset 0)
WARNING - pypdf._reader - Ignoring wrong pointing object 102 0 (offset 0)
WARNING - pypdf._reader - Ignoring wrong pointing object 8 0 (offset 0)
WARNING - pypdf._reader - Ignoring wrong pointing object 18 0 (offset 0)
WARNING - pypdf._reader - Ignoring wrong pointing object 29 0 (offset 0)
WARNING - pypdf._reader - Ignoring wrong pointing object 31 0 (offset 0)
WARNING - pypdf._reader - Ignoring wrong pointing object 102 0 (offset 0)
INFO - observatoire.processors.pdf_filter - Validating large PDF (54 pages): Sceaux/section_6964/2014-09-30-PV-pv_30-09-2014.pdf
WARNING - pypdf._reader - Ignoring wrong pointing object 8 0 (offset 0)
WARNING - pypdf._reader - Ignoring wrong pointing object 18 0 (offset 0)
WARNING - pypdf._reader - Ignoring wrong pointing object 29 0 (offset 0)
WARNING - pypdf._reader - Ignoring wrong pointing object 31 0 (offset 0)
WARNING - pypdf._reader - Ignoring wrong pointing object 102 0 (offset 0)
WARNING - pypdf._reader - Ignoring wrong pointing object 8 0 (offset 0)
WARNING - pypdf._reader - Ignoring wrong pointing object 18 0 (offset 0)
WARNING - pypdf._reader - Ignoring wrong pointing object 29 0 (offset 0)
WARNING - pypdf._reader - Ignoring wrong pointing object 31 0 (offset 0)
WARNING - pypdf._reader - Ignoring wrong pointing object 102 0 (offset 0)
INFO - observatoire.processors.pdf_filter - Validating large PDF (54 pages): Sceaux/section_6981/2014-09-30-PV-pv_30-09-2014.pdf
WARNING - pypdf._reader - Ignoring wrong pointing object 8 0 (offset 0)
WARNING - pypdf._reader - Ignoring wrong pointing object 18 0 (offset 0)
WARNING - pypdf._reader - Ignoring wrong pointing object 29 0 (offset 0)
WARNING - pypdf._reader - Ignoring wrong pointing object 31 0 (offset 0)
WARNING - pypdf._reader - Ignoring wrong pointing object 102 0 (offset 0)
WARNING - pypdf._reader - Ignoring wrong pointing object 16 0 (offset 0)
WARNING - pypdf._reader - Ignoring wrong pointing object 27 0 (offset 0)
WARNING - pypdf._reader - Ignoring wrong pointing object 35 0 (offset 0)
WARNING - pypdf._reader - Ignoring wrong pointing object 88 0 (offset 0)
INFO - observatoire.processors.pdf_filter - Validating large PDF (89 pages): Sceaux/section_6982/2014-06-19-PV-pv-190614.pdf
WARNING - pypdf._reader - Ignoring wrong pointing object 16 0 (offset 0)
WARNING - pypdf._reader - Ignoring wrong pointing object 27 0 (offset 0)
WARNING - pypdf._reader - Ignoring wrong pointing object 35 0 (offset 0)
WARNING - pypdf._reader - Ignoring wrong pointing object 88 0 (offset 0)
WARNING - pypdf._reader - Ignoring wrong pointing object 16 0 (offset 0)
WARNING - pypdf._reader - Ignoring wrong pointing object 27 0 (offset 0)
WARNING - pypdf._reader - Ignoring wrong pointing object 35 0 (offset 0)
WARNING - pypdf._reader - Ignoring wrong pointing object 88 0 (offset 0)
INFO - observatoire.processors.pdf_filter - Validating large PDF (89 pages): Sceaux/section_7010/2014-06-19-PV-pv-190614.pdf
WARNING - pypdf._reader - Ignoring wrong pointing object 16 0 (offset 0)
WARNING - pypdf._reader - Ignoring wrong pointing object 27 0 (offset 0)
WARNING - pypdf._reader - Ignoring wrong pointing object 35 0 (offset 0)
WARNING - pypdf._reader - Ignoring wrong pointing object 88 0 (offset 0)
INFO - observatoire.processors.pdf_filter - Validating large PDF (54 pages): Sceaux/section_7038/Proc%C3%A8s-verbal%20s%C3%A9ance%20050514.pdf
INFO - observatoire.processors.pdf_filter - Validating large PDF (54 pages): Sceaux/section_7039/Proc%C3%A8s-verbal%20s%C3%A9ance%20050514.pdf
WARNING - pypdf._reader - Ignoring wrong pointing object 16 0 (offset 0)
WARNING - pypdf._reader - Ignoring wrong pointing object 23 0 (offset 0)
WARNING - pypdf._reader - Ignoring wrong pointing object 35 0 (offset 0)
INFO - observatoire.processors.pdf_filter - Validating large PDF (55 pages): Sceaux/section_7040/2014-02-11-PV-proces_verbal_seance_110214.pdf
WARNING - pypdf._reader - Ignoring wrong pointing object 16 0 (offset 0)
WARNING - pypdf._reader - Ignoring wrong pointing object 23 0 (offset 0)
WARNING - pypdf._reader - Ignoring wrong pointing object 35 0 (offset 0)
WARNING - pypdf._reader - Ignoring wrong pointing object 16 0 (offset 0)
WARNING - pypdf._reader - Ignoring wrong pointing object 23 0 (offset 0)
WARNING - pypdf._reader - Ignoring wrong pointing object 35 0 (offset 0)
INFO - observatoire.processors.pdf_filter - Validating large PDF (55 pages): Sceaux/section_7057/2014-02-11-PV-proces_verbal_seance_110214.pdf
WARNING - pypdf._reader - Ignoring wrong pointing object 16 0 (offset 0)
WARNING - pypdf._reader - Ignoring wrong pointing object 23 0 (offset 0)
WARNING - pypdf._reader - Ignoring wrong pointing object 35 0 (offset 0)
PDF Filter Results
==================================================
Total PDFs found:    10,743
Matched (to keep):   266
Excluded:            10,477
Reduction:           97.5%
Cities processed:    1

Match reasons:
  filename_crpv_keyword: 170
  metadata_linktext_crpv_keyword: 56
  metadata_linktext_combined_report: 24
  filename_crpv_abbrev: 16

Per-city details:
--------------------------------------------------
  Sceaux: 266/10743 matched

Large PDF Validation Results
==================================================
Large PDFs checked:     198
  Kept:                 198
  Excluded:             0
  Errors (kept):        0
Pages before:           17,952
Pages after:            17,952
Pages saved:            0

Validation methods:
  text_extraction: 198

Manifest written to sceaux_manifest.json
